24-09-27 18:30:45 DEBUG [HikariPool-1 housekeeper] [HikariPool:405] - HikariPool-1 - Pool stats (total=10, active=0, idle=10, waiting=0)
24-09-27 18:30:45 DEBUG [HikariPool-1 housekeeper] [HikariPool:510] - HikariPool-1 - Fill pool skipped, pool has sufficient level or currently being filled.
24-09-27 18:31:15 DEBUG [HikariPool-1 housekeeper] [HikariPool:405] - HikariPool-1 - Pool stats (total=10, active=0, idle=10, waiting=0)
24-09-27 18:31:15 DEBUG [HikariPool-1 housekeeper] [HikariPool:510] - HikariPool-1 - Fill pool skipped, pool has sufficient level or currently being filled.
24-09-27 18:31:45 DEBUG [HikariPool-1 housekeeper] [HikariPool:405] - HikariPool-1 - Pool stats (total=10, active=0, idle=10, waiting=0)
24-09-27 18:31:45 DEBUG [HikariPool-1 housekeeper] [HikariPool:510] - HikariPool-1 - Fill pool skipped, pool has sufficient level or currently being filled.
24-09-27 18:32:15 DEBUG [HikariPool-1 housekeeper] [HikariPool:405] - HikariPool-1 - Pool stats (total=10, active=0, idle=10, waiting=0)
24-09-27 18:32:15 DEBUG [HikariPool-1 housekeeper] [HikariPool:510] - HikariPool-1 - Fill pool skipped, pool has sufficient level or currently being filled.
24-09-27 18:32:45 DEBUG [HikariPool-1 housekeeper] [HikariPool:405] - HikariPool-1 - Pool stats (total=10, active=0, idle=10, waiting=0)
24-09-27 18:32:45 DEBUG [HikariPool-1 housekeeper] [HikariPool:510] - HikariPool-1 - Fill pool skipped, pool has sufficient level or currently being filled.
24-09-27 18:33:00 DEBUG [HikariPool-1 connection closer] [PoolBase:133] - HikariPool-1 - Closing connection com.mysql.cj.jdbc.ConnectionImpl@4ba6c66f: (connection has passed maxLifetime)
24-09-27 18:33:00 DEBUG [HikariPool-1 connection adder] [HikariPool:728] - HikariPool-1 - Added connection com.mysql.cj.jdbc.ConnectionImpl@78ad3c88
24-09-27 18:33:00 DEBUG [HikariPool-1 connection adder] [HikariPool:405] - HikariPool-1 - Connection not added, stats (total=10, active=0, idle=10, waiting=0)
24-09-27 18:33:12 DEBUG [HikariPool-1 connection closer] [PoolBase:133] - HikariPool-1 - Closing connection com.mysql.cj.jdbc.ConnectionImpl@47e2c0f2: (connection has passed maxLifetime)
24-09-27 18:33:12 DEBUG [HikariPool-1 connection adder] [HikariPool:728] - HikariPool-1 - Added connection com.mysql.cj.jdbc.ConnectionImpl@d09076e
24-09-27 18:33:12 DEBUG [HikariPool-1 connection adder] [HikariPool:405] - HikariPool-1 - Connection not added, stats (total=10, active=0, idle=10, waiting=0)
24-09-27 18:33:14 DEBUG [HikariPool-1 connection closer] [PoolBase:133] - HikariPool-1 - Closing connection com.mysql.cj.jdbc.ConnectionImpl@4d1aab82: (connection has passed maxLifetime)
24-09-27 18:33:14 DEBUG [HikariPool-1 connection adder] [HikariPool:728] - HikariPool-1 - Added connection com.mysql.cj.jdbc.ConnectionImpl@4c340d55
24-09-27 18:33:14 DEBUG [HikariPool-1 connection adder] [HikariPool:405] - HikariPool-1 - Connection not added, stats (total=10, active=0, idle=10, waiting=0)
24-09-27 18:33:15 DEBUG [HikariPool-1 connection closer] [PoolBase:133] - HikariPool-1 - Closing connection com.mysql.cj.jdbc.ConnectionImpl@8182c45: (connection has passed maxLifetime)
24-09-27 18:33:15 DEBUG [HikariPool-1 connection adder] [HikariPool:728] - HikariPool-1 - Added connection com.mysql.cj.jdbc.ConnectionImpl@7d320274
24-09-27 18:33:15 DEBUG [HikariPool-1 connection adder] [HikariPool:405] - HikariPool-1 - Connection not added, stats (total=10, active=0, idle=10, waiting=0)
24-09-27 18:33:15 DEBUG [HikariPool-1 housekeeper] [HikariPool:405] - HikariPool-1 - Pool stats (total=10, active=0, idle=10, waiting=0)
24-09-27 18:33:15 DEBUG [HikariPool-1 housekeeper] [HikariPool:510] - HikariPool-1 - Fill pool skipped, pool has sufficient level or currently being filled.
24-09-27 18:33:21 DEBUG [HikariPool-1 connection closer] [PoolBase:133] - HikariPool-1 - Closing connection com.mysql.cj.jdbc.ConnectionImpl@15ce32e7: (connection has passed maxLifetime)
24-09-27 18:33:21 DEBUG [HikariPool-1 connection adder] [HikariPool:728] - HikariPool-1 - Added connection com.mysql.cj.jdbc.ConnectionImpl@32f8d5de
24-09-27 18:33:21 DEBUG [HikariPool-1 connection adder] [HikariPool:405] - HikariPool-1 - Connection not added, stats (total=10, active=0, idle=10, waiting=0)
24-09-27 18:33:23 DEBUG [HikariPool-1 connection closer] [PoolBase:133] - HikariPool-1 - Closing connection com.mysql.cj.jdbc.ConnectionImpl@1f365997: (connection has passed maxLifetime)
24-09-27 18:33:23 DEBUG [HikariPool-1 connection adder] [HikariPool:728] - HikariPool-1 - Added connection com.mysql.cj.jdbc.ConnectionImpl@365efbd0
24-09-27 18:33:24 DEBUG [HikariPool-1 connection adder] [HikariPool:405] - HikariPool-1 - Connection not added, stats (total=10, active=0, idle=10, waiting=0)
24-09-27 18:33:26 DEBUG [HikariPool-1 connection closer] [PoolBase:133] - HikariPool-1 - Closing connection com.mysql.cj.jdbc.ConnectionImpl@5a34c415: (connection has passed maxLifetime)
24-09-27 18:33:26 DEBUG [HikariPool-1 connection adder] [HikariPool:728] - HikariPool-1 - Added connection com.mysql.cj.jdbc.ConnectionImpl@4e0df479
24-09-27 18:33:26 DEBUG [HikariPool-1 connection adder] [HikariPool:405] - HikariPool-1 - Connection not added, stats (total=10, active=0, idle=10, waiting=0)
24-09-27 18:33:35 DEBUG [HikariPool-1 connection closer] [PoolBase:133] - HikariPool-1 - Closing connection com.mysql.cj.jdbc.ConnectionImpl@5aa57624: (connection has passed maxLifetime)
24-09-27 18:33:35 DEBUG [HikariPool-1 connection adder] [HikariPool:728] - HikariPool-1 - Added connection com.mysql.cj.jdbc.ConnectionImpl@7cf53d23
24-09-27 18:33:35 DEBUG [HikariPool-1 connection adder] [HikariPool:405] - HikariPool-1 - Connection not added, stats (total=10, active=0, idle=10, waiting=0)
24-09-27 18:33:42 DEBUG [HikariPool-1 connection closer] [PoolBase:133] - HikariPool-1 - Closing connection com.mysql.cj.jdbc.ConnectionImpl@464de369: (connection has passed maxLifetime)
24-09-27 18:33:42 DEBUG [HikariPool-1 connection adder] [HikariPool:728] - HikariPool-1 - Added connection com.mysql.cj.jdbc.ConnectionImpl@a582127
24-09-27 18:33:42 DEBUG [HikariPool-1 connection adder] [HikariPool:405] - HikariPool-1 - Connection not added, stats (total=10, active=0, idle=10, waiting=0)
24-09-27 18:33:44 DEBUG [HikariPool-1 connection closer] [PoolBase:133] - HikariPool-1 - Closing connection com.mysql.cj.jdbc.ConnectionImpl@42066f0d: (connection has passed maxLifetime)
24-09-27 18:33:44 DEBUG [HikariPool-1 connection adder] [HikariPool:728] - HikariPool-1 - Added connection com.mysql.cj.jdbc.ConnectionImpl@4b652b1c
24-09-27 18:33:44 DEBUG [HikariPool-1 connection adder] [HikariPool:405] - HikariPool-1 - Connection not added, stats (total=10, active=0, idle=10, waiting=0)
24-09-27 18:33:45 DEBUG [HikariPool-1 housekeeper] [HikariPool:405] - HikariPool-1 - Pool stats (total=10, active=0, idle=10, waiting=0)
24-09-27 18:33:45 DEBUG [HikariPool-1 housekeeper] [HikariPool:510] - HikariPool-1 - Fill pool skipped, pool has sufficient level or currently being filled.
24-09-27 18:34:15 DEBUG [HikariPool-1 housekeeper] [HikariPool:405] - HikariPool-1 - Pool stats (total=10, active=0, idle=10, waiting=0)
24-09-27 18:34:15 DEBUG [HikariPool-1 housekeeper] [HikariPool:510] - HikariPool-1 - Fill pool skipped, pool has sufficient level or currently being filled.
24-09-27 18:34:45 DEBUG [HikariPool-1 housekeeper] [HikariPool:405] - HikariPool-1 - Pool stats (total=10, active=0, idle=10, waiting=0)
24-09-27 18:34:45 DEBUG [HikariPool-1 housekeeper] [HikariPool:510] - HikariPool-1 - Fill pool skipped, pool has sufficient level or currently being filled.
24-09-27 18:35:15 DEBUG [HikariPool-1 housekeeper] [HikariPool:405] - HikariPool-1 - Pool stats (total=10, active=0, idle=10, waiting=0)
24-09-27 18:35:15 DEBUG [HikariPool-1 housekeeper] [HikariPool:510] - HikariPool-1 - Fill pool skipped, pool has sufficient level or currently being filled.
24-09-27 18:35:45 DEBUG [HikariPool-1 housekeeper] [HikariPool:405] - HikariPool-1 - Pool stats (total=10, active=0, idle=10, waiting=0)
24-09-27 18:35:45 DEBUG [HikariPool-1 housekeeper] [HikariPool:510] - HikariPool-1 - Fill pool skipped, pool has sufficient level or currently being filled.
24-09-27 18:36:15 DEBUG [HikariPool-1 housekeeper] [HikariPool:405] - HikariPool-1 - Pool stats (total=10, active=0, idle=10, waiting=0)
24-09-27 18:36:15 DEBUG [HikariPool-1 housekeeper] [HikariPool:510] - HikariPool-1 - Fill pool skipped, pool has sufficient level or currently being filled.
24-09-27 18:36:45 DEBUG [HikariPool-1 housekeeper] [HikariPool:405] - HikariPool-1 - Pool stats (total=10, active=0, idle=10, waiting=0)
24-09-27 18:36:45 DEBUG [HikariPool-1 housekeeper] [HikariPool:510] - HikariPool-1 - Fill pool skipped, pool has sufficient level or currently being filled.
24-09-27 18:37:15 DEBUG [HikariPool-1 housekeeper] [HikariPool:405] - HikariPool-1 - Pool stats (total=10, active=0, idle=10, waiting=0)
24-09-27 18:37:15 DEBUG [HikariPool-1 housekeeper] [HikariPool:510] - HikariPool-1 - Fill pool skipped, pool has sufficient level or currently being filled.
24-09-27 18:37:45 DEBUG [HikariPool-1 housekeeper] [HikariPool:405] - HikariPool-1 - Pool stats (total=10, active=0, idle=10, waiting=0)
24-09-27 18:37:45 DEBUG [HikariPool-1 housekeeper] [HikariPool:510] - HikariPool-1 - Fill pool skipped, pool has sufficient level or currently being filled.
24-09-27 18:38:15 DEBUG [HikariPool-1 housekeeper] [HikariPool:405] - HikariPool-1 - Pool stats (total=10, active=0, idle=10, waiting=0)
24-09-27 18:38:15 DEBUG [HikariPool-1 housekeeper] [HikariPool:510] - HikariPool-1 - Fill pool skipped, pool has sufficient level or currently being filled.
24-09-27 18:38:45 DEBUG [HikariPool-1 housekeeper] [HikariPool:405] - HikariPool-1 - Pool stats (total=10, active=0, idle=10, waiting=0)
24-09-27 18:38:45 DEBUG [HikariPool-1 housekeeper] [HikariPool:510] - HikariPool-1 - Fill pool skipped, pool has sufficient level or currently being filled.
24-09-27 18:39:15 DEBUG [HikariPool-1 housekeeper] [HikariPool:405] - HikariPool-1 - Pool stats (total=10, active=0, idle=10, waiting=0)
24-09-27 18:39:15 DEBUG [HikariPool-1 housekeeper] [HikariPool:510] - HikariPool-1 - Fill pool skipped, pool has sufficient level or currently being filled.
24-09-27 18:39:45 DEBUG [HikariPool-1 housekeeper] [HikariPool:405] - HikariPool-1 - Pool stats (total=10, active=0, idle=10, waiting=0)
24-09-27 18:39:45 DEBUG [HikariPool-1 housekeeper] [HikariPool:510] - HikariPool-1 - Fill pool skipped, pool has sufficient level or currently being filled.
24-09-27 18:40:15 DEBUG [HikariPool-1 housekeeper] [HikariPool:405] - HikariPool-1 - Pool stats (total=10, active=0, idle=10, waiting=0)
24-09-27 18:40:15 DEBUG [HikariPool-1 housekeeper] [HikariPool:510] - HikariPool-1 - Fill pool skipped, pool has sufficient level or currently being filled.
